
> frontend@0.0.0 build
> vite build

[36mvite v7.3.1 [32mbuilding client environment for production...[36m[39m
transforming...
[32mΓ£ô[39m 21 modules transformed.
Γ£ù Build failed in 2.55s
error during build:
[vite:esbuild] Transform failed with 1 error:
C:/multivendor_marketplace/frontend/src/pages/AdminDashboard.jsx:521:0: ERROR: Unexpected end of file before a closing "div" tag
file: C:/multivendor_marketplace/frontend/src/pages/AdminDashboard.jsx:521:0

Unexpected end of file before a closing "div" tag
519 |  
520 |              export default AdminDashboard;
521 |  
    |  ^

    at failureErrorWithLog (C:\multivendor_marketplace\frontend\node_modules\esbuild\lib\main.js:1467:15)
    at C:\multivendor_marketplace\frontend\node_modules\esbuild\lib\main.js:736:50
    at responseCallbacks.<computed> (C:\multivendor_marketplace\frontend\node_modules\esbuild\lib\main.js:603:9)
    at handleIncomingPacket (C:\multivendor_marketplace\frontend\node_modules\esbuild\lib\main.js:658:12)
    at Socket.readFromStdout (C:\multivendor_marketplace\frontend\node_modules\esbuild\lib\main.js:581:7)
    at Socket.emit (node:events:508:20)
    at addChunk (node:internal/streams/readable:564:12)
    at readableAddChunkPushByteMode (node:internal/streams/readable:515:3)
    at Readable.push (node:internal/streams/readable:395:5)
    at Pipe.onStreamRead (node:internal/stream_base_commons:189:23)
